Archive member included to satisfy reference by file (symbol)

c:/program files (x86)/atollic/truestudio for stm32 9.0.1/armtools/bin/../lib/gcc/arm-atollic-eabi/6.3.1/../../../../arm-atollic-eabi/lib/armv7e-m/fpu\libc_nano.a(lib_a-errno.o)
                              Src\syscalls.o (__errno)
c:/program files (x86)/atollic/truestudio for stm32 9.0.1/armtools/bin/../lib/gcc/arm-atollic-eabi/6.3.1/../../../../arm-atollic-eabi/lib/armv7e-m/fpu\libc_nano.a(lib_a-impure.o)
                              Src\main.o (_impure_ptr)
c:/program files (x86)/atollic/truestudio for stm32 9.0.1/armtools/bin/../lib/gcc/arm-atollic-eabi/6.3.1/../../../../arm-atollic-eabi/lib/armv7e-m/fpu\libc_nano.a(lib_a-init.o)
                              startup\startup_stm32f303x8.o (__libc_init_array)
c:/program files (x86)/atollic/truestudio for stm32 9.0.1/armtools/bin/../lib/gcc/arm-atollic-eabi/6.3.1/../../../../arm-atollic-eabi/lib/armv7e-m/fpu\libc_nano.a(lib_a-memset.o)
                              Src\main.o (memset)
c:/program files (x86)/atollic/truestudio for stm32 9.0.1/armtools/bin/../lib/gcc/arm-atollic-eabi/6.3.1/../../../../arm-atollic-eabi/lib/armv7e-m/fpu\libc_nano.a(lib_a-printf.o)
                              Src\main.o (printf)
c:/program files (x86)/atollic/truestudio for stm32 9.0.1/armtools/bin/../lib/gcc/arm-atollic-eabi/6.3.1/../../../../arm-atollic-eabi/lib/armv7e-m/fpu\libc_nano.a(lib_a-setbuf.o)
                              Src\main.o (setbuf)
c:/program files (x86)/atollic/truestudio for stm32 9.0.1/armtools/bin/../lib/gcc/arm-atollic-eabi/6.3.1/../../../../arm-atollic-eabi/lib/armv7e-m/fpu\libc_nano.a(lib_a-setvbuf.o)
                              c:/program files (x86)/atollic/truestudio for stm32 9.0.1/armtools/bin/../lib/gcc/arm-atollic-eabi/6.3.1/../../../../arm-atollic-eabi/lib/armv7e-m/fpu\libc_nano.a(lib_a-setbuf.o) (setvbuf)
c:/program files (x86)/atollic/truestudio for stm32 9.0.1/armtools/bin/../lib/gcc/arm-atollic-eabi/6.3.1/../../../../arm-atollic-eabi/lib/armv7e-m/fpu\libc_nano.a(lib_a-fflush.o)
                              c:/program files (x86)/atollic/truestudio for stm32 9.0.1/armtools/bin/../lib/gcc/arm-atollic-eabi/6.3.1/../../../../arm-atollic-eabi/lib/armv7e-m/fpu\libc_nano.a(lib_a-setvbuf.o) (_fflush_r)
c:/program files (x86)/atollic/truestudio for stm32 9.0.1/armtools/bin/../lib/gcc/arm-atollic-eabi/6.3.1/../../../../arm-atollic-eabi/lib/armv7e-m/fpu\libc_nano.a(lib_a-findfp.o)
                              c:/program files (x86)/atollic/truestudio for stm32 9.0.1/armtools/bin/../lib/gcc/arm-atollic-eabi/6.3.1/../../../../arm-atollic-eabi/lib/armv7e-m/fpu\libc_nano.a(lib_a-printf.o) (__sinit)
c:/program files (x86)/atollic/truestudio for stm32 9.0.1/armtools/bin/../lib/gcc/arm-atollic-eabi/6.3.1/../../../../arm-atollic-eabi/lib/armv7e-m/fpu\libc_nano.a(lib_a-fwalk.o)
                              c:/program files (x86)/atollic/truestudio for stm32 9.0.1/armtools/bin/../lib/gcc/arm-atollic-eabi/6.3.1/../../../../arm-atollic-eabi/lib/armv7e-m/fpu\libc_nano.a(lib_a-findfp.o) (_fwalk)
c:/program files (x86)/atollic/truestudio for stm32 9.0.1/armtools/bin/../lib/gcc/arm-atollic-eabi/6.3.1/../../../../arm-atollic-eabi/lib/armv7e-m/fpu\libc_nano.a(lib_a-makebuf.o)
                              c:/program files (x86)/atollic/truestudio for stm32 9.0.1/armtools/bin/../lib/gcc/arm-atollic-eabi/6.3.1/../../../../arm-atollic-eabi/lib/armv7e-m/fpu\libc_nano.a(lib_a-setvbuf.o) (__swhatbuf_r)
c:/program files (x86)/atollic/truestudio for stm32 9.0.1/armtools/bin/../lib/gcc/arm-atollic-eabi/6.3.1/../../../../arm-atollic-eabi/lib/armv7e-m/fpu\libc_nano.a(lib_a-malloc.o)
                              c:/program files (x86)/atollic/truestudio for stm32 9.0.1/armtools/bin/../lib/gcc/arm-atollic-eabi/6.3.1/../../../../arm-atollic-eabi/lib/armv7e-m/fpu\libc_nano.a(lib_a-setvbuf.o) (malloc)
c:/program files (x86)/atollic/truestudio for stm32 9.0.1/armtools/bin/../lib/gcc/arm-atollic-eabi/6.3.1/../../../../arm-atollic-eabi/lib/armv7e-m/fpu\libc_nano.a(lib_a-nano-freer.o)
                              c:/program files (x86)/atollic/truestudio for stm32 9.0.1/armtools/bin/../lib/gcc/arm-atollic-eabi/6.3.1/../../../../arm-atollic-eabi/lib/armv7e-m/fpu\libc_nano.a(lib_a-setvbuf.o) (_free_r)
c:/program files (x86)/atollic/truestudio for stm32 9.0.1/armtools/bin/../lib/gcc/arm-atollic-eabi/6.3.1/../../../../arm-atollic-eabi/lib/armv7e-m/fpu\libc_nano.a(lib_a-nano-mallocr.o)
                              c:/program files (x86)/atollic/truestudio for stm32 9.0.1/armtools/bin/../lib/gcc/arm-atollic-eabi/6.3.1/../../../../arm-atollic-eabi/lib/armv7e-m/fpu\libc_nano.a(lib_a-findfp.o) (_malloc_r)
c:/program files (x86)/atollic/truestudio for stm32 9.0.1/armtools/bin/../lib/gcc/arm-atollic-eabi/6.3.1/../../../../arm-atollic-eabi/lib/armv7e-m/fpu\libc_nano.a(lib_a-nano-vfprintf.o)
[...]
Memory Configuration

Name             Origin             Length             Attributes
RAM              0x20000000         0x00003000         xrw
CCMRAM           0x10000000         0x00001000         rw
FLASH            0x08000000         0x00010000         xr
*default*        0x00000000         0xffffffff

Linker script and memory map

LOAD c:/program files (x86)/atollic/truestudio for stm32 9.0.1/armtools/bin/../lib/gcc/arm-atollic-eabi/6.3.1/armv7e-m/fpu/crti.o
LOAD c:/program files (x86)/atollic/truestudio for stm32 9.0.1/armtools/bin/../lib/gcc/arm-atollic-eabi/6.3.1/armv7e-m/fpu/crtbegin.o
LOAD Drivers\STM32F3xx_HAL_Driver\Src\stm32f3xx_hal.o
LOAD Drivers\STM32F3xx_HAL_Driver\Src\stm32f3xx_hal_adc.o
LOAD Drivers\STM32F3xx_HAL_Driver\Src\stm32f3xx_hal_adc_ex.o
LOAD Drivers\STM32F3xx_HAL_Driver\Src\stm32f3xx_hal_cortex.o
LOAD Drivers\STM32F3xx_HAL_Driver\Src\stm32f3xx_hal_dma.o
LOAD Drivers\STM32F3xx_HAL_Driver\Src\stm32f3xx_hal_flash.o
LOAD Drivers\STM32F3xx_HAL_Driver\Src\stm32f3xx_hal_flash_ex.o
LOAD Drivers\STM32F3xx_HAL_Driver\Src\stm32f3xx_hal_gpio.o
LOAD Drivers\STM32F3xx_HAL_Driver\Src\stm32f3xx_hal_i2c.o
LOAD Drivers\STM32F3xx_HAL_Driver\Src\stm32f3xx_hal_i2c_ex.o
LOAD Drivers\STM32F3xx_HAL_Driver\Src\stm32f3xx_hal_pwr.o
LOAD Drivers\STM32F3xx_HAL_Driver\Src\stm32f3xx_hal_pwr_ex.o
LOAD Drivers\STM32F3xx_HAL_Driver\Src\stm32f3xx_hal_rcc.o
LOAD Drivers\STM32F3xx_HAL_Driver\Src\stm32f3xx_hal_rcc_ex.o
LOAD Drivers\STM32F3xx_HAL_Driver\Src\stm32f3xx_hal_tim.o
LOAD Drivers\STM32F3xx_HAL_Driver\Src\stm32f3xx_hal_tim_ex.o
LOAD Drivers\STM32F3xx_HAL_Driver\Src\stm32f3xx_hal_uart.o
LOAD Drivers\STM32F3xx_HAL_Driver\Src\stm32f3xx_hal_uart_ex.o
LOAD Src\adc.o
LOAD Src\dma.o
LOAD Src\gpio.o
LOAD Src\main.o
LOAD Src\scanf.o
LOAD Src\stm32f3xx_hal_msp.o
LOAD Src\stm32f3xx_it.o
LOAD Src\syscalls.o
LOAD Src\system_stm32f3xx.o
LOAD Src\usart.o
LOAD startup\startup_stm32f303x8.o
                0x00000080                malloc_getpagesize_P = 0x80
START GROUP
LOAD c:/program files (x86)/atollic/truestudio for stm32 9.0.1/armtools/bin/../lib/gcc/arm-atollic-eabi/6.3.1/../../../../arm-atollic-eabi/lib/armv7e-m/fpu\libc_nano.a
LOAD c:/program files (x86)/atollic/truestudio for stm32 9.0.1/armtools/bin/../lib/gcc/arm-atollic-eabi/6.3.1/../../../../arm-atollic-eabi/lib/armv7e-m/fpu\libm.a
END GROUP
START GROUP
LOAD c:/program files (x86)/atollic/truestudio for stm32 9.0.1/armtools/bin/../lib/gcc/arm-atollic-eabi/6.3.1/armv7e-m/fpu\libgcc.a
LOAD c:/program files (x86)/atollic/truestudio for stm32 9.0.1/armtools/bin/../lib/gcc/arm-atollic-eabi/6.3.1/../../../../arm-atollic-eabi/lib/armv7e-m/fpu\libc_nano.a
END GROUP
START GROUP
LOAD c:/program files (x86)/atollic/truestudio for stm32 9.0.1/armtools/bin/../lib/gcc/arm-atollic-eabi/6.3.1/armv7e-m/fpu\libgcc.a
LOAD c:/program files (x86)/atollic/truestudio for stm32 9.0.1/armtools/bin/../lib/gcc/arm-atollic-eabi/6.3.1/../../../../arm-atollic-eabi/lib/armv7e-m/fpu\libc_nano.a
LOAD c:/program files (x86)/atollic/truestudio for stm32 9.0.1/armtools/bin/../lib/gcc/arm-atollic-eabi/6.3.1/../../../../arm-atollic-eabi/lib/armv7e-m/fpu\libnosys.a
END GROUP
START GROUP
LOAD c:/program files (x86)/atollic/truestudio for stm32 9.0.1/armtools/bin/../lib/gcc/arm-atollic-eabi/6.3.1/armv7e-m/fpu\libgcc.a
LOAD c:/program files (x86)/atollic/truestudio for stm32 9.0.1/armtools/bin/../lib/gcc/arm-atollic-eabi/6.3.1/../../../../arm-atollic-eabi/lib/armv7e-m/fpu\libc_nano.a
LOAD c:/program files (x86)/atollic/truestudio for stm32 9.0.1/armtools/bin/../lib/gcc/arm-atollic-eabi/6.3.1/../../../../arm-atollic-eabi/lib/armv7e-m/fpu\libnosys.a
END GROUP
LOAD c:/program files (x86)/atollic/truestudio for stm32 9.0.1/armtools/bin/../lib/gcc/arm-atollic-eabi/6.3.1/armv7e-m/fpu/crtend.o
LOAD c:/program files (x86)/atollic/truestudio for stm32 9.0.1/armtools/bin/../lib/gcc/arm-atollic-eabi/6.3.1/armv7e-m/fpu/crtn.o
                0x20003000                _estack = 0x20003000
                0x00000200                _Min_Heap_Size = 0x200
                0x00000400                _Min_Stack_Size = 0x400

.isr_vector     0x08000000      0x188
                0x08000000                . = ALIGN (0x4)
 *(.isr_vector)
 .isr_vector    0x08000000      0x188 startup\startup_stm32f303x8.o
                0x08000000                g_pfnVectors
                0x08000188                . = ALIGN (0x4)

.text           0x08000190     0x4a44
                0x08000190                . = ALIGN (0x4)
 *(.text)
 .text          0x08000190       0x40 c:/program files (x86)/atollic/truestudio for stm32 9.0.1/armtools/bin/../lib/gcc/arm-atollic-eabi/6.3.1/armv7e-m/fpu/crtbegin.o
 .text          0x080001d0       0xa0 c:/program files (x86)/atollic/truestudio for stm32 9.0.1/armtools/bin/../lib/gcc/arm-atollic-eabi/6.3.1/../../../../arm-atollic-eabi/lib/armv7e-m/fpu\libc_nano.a(lib_a-memchr.o)
                0x080001d0                memchr
 *(.text*)
 .text.HAL_Init
                0x08000270       0x2c Drivers\STM32F3xx_HAL_Driver\Src\stm32f3xx_hal.o
                0x08000270                HAL_Init
 .text.HAL_InitTick
                0x0800029c       0x60 Drivers\STM32F3xx_HAL_Driver\Src\stm32f3xx_hal.o
                0x0800029c                HAL_InitTick
 .text.HAL_IncTick
                0x080002fc       0x28 Drivers\STM32F3xx_HAL_Driver\Src\stm32f3xx_hal.o
                0x080002fc                HAL_IncTick
 .text.HAL_GetTick
                0x08000324       0x18 Drivers\STM32F3xx_HAL_Driver\Src\stm32f3xx_hal.o
                0x08000324                HAL_GetTick
 .text.HAL_ADC_ConvHalfCpltCallback
                0x0800033c       0x14 Drivers\STM32F3xx_HAL_Driver\Src\stm32f3xx_hal_adc.o
                0x0800033c                HAL_ADC_ConvHalfCpltCallback
 .text.HAL_ADC_ErrorCallback
                0x08000350       0x14 Drivers\STM32F3xx_HAL_Driver\Src\stm32f3xx_hal_adc.o
                0x08000350                HAL_ADC_ErrorCallback
 .text.HAL_ADC_Init
                0x08000364      0x320 Drivers\STM32F3xx_HAL_Driver\Src\stm32f3xx_hal_adc_ex.o
                0x08000364                HAL_ADC_Init
 .text.HAL_ADC_Start_DMA
                0x08000684      0x1b4 Drivers\STM32F3xx_HAL_Driver\Src\stm32f3xx_hal_adc_ex.o
                0x08000684                HAL_ADC_Start_DMA
 .text.HAL_ADC_ConfigChannel
                0x08000838      0x57c Drivers\STM32F3xx_HAL_Driver\Src\stm32f3xx_hal_adc_ex.o
                0x08000838                HAL_ADC_ConfigChannel
 .text.HAL_ADCEx_MultiModeConfigChannel
                0x08000db4      0x188 Drivers\STM32F3xx_HAL_Driver\Src\stm32f3xx_hal_adc_ex.o
                0x08000db4                HAL_ADCEx_MultiModeConfigChannel
 .text.ADC_DMAConvCplt
                0x08000f3c       0x7a Drivers\STM32F3xx_HAL_Driver\Src\stm32f3xx_hal_adc_ex.o
 .text.ADC_DMAHalfConvCplt
                0x08000fb6       0x1c Drivers\STM32F3xx_HAL_Driver\Src\stm32f3xx_hal_adc_ex.o
 .text.ADC_DMAError
                0x08000fd2       0x34 Drivers\STM32F3xx_HAL_Driver\Src\stm32f3xx_hal_adc_ex.o
 *fill*         0x08001006        0x2 
 .text.ADC_Enable
                0x08001008       0xbc Drivers\STM32F3xx_HAL_Driver\Src\stm32f3xx_hal_adc_ex.o
 .text.ADC_Disable
                0x080010c4       0xbe Drivers\STM32F3xx_HAL_Driver\Src\stm32f3xx_hal_adc_ex.o
 *fill*         0x08001182        0x2 
 .text.NVIC_SetPriorityGrouping
                0x08001184       0x48 Drivers\STM32F3xx_HAL_Driver\Src\stm32f3xx_hal_cortex.o
 .text.NVIC_GetPriorityGrouping
                0x080011cc       0x1c Drivers\STM32F3xx_HAL_Driver\Src\stm32f3xx_hal_cortex.o
 .text.NVIC_EnableIRQ
                0x080011e8       0x34 Drivers\STM32F3xx_HAL_Driver\Src\stm32f3xx_hal_cortex.o
 .text.NVIC_SetPriority
                0x0800121c       0x54 Drivers\STM32F3xx_HAL_Driver\Src\stm32f3xx_hal_cortex.o
 .text.NVIC_EncodePriority
                0x08001270       0x62 Drivers\STM32F3xx_HAL_Driver\Src\stm32f3xx_hal_cortex.o
 *fill*         0x080012d2        0x2 
 .text.SysTick_Config
                0x080012d4       0x44 Drivers\STM32F3xx_HAL_Driver\Src\stm32f3xx_hal_cortex.o
 .text.HAL_NVIC_SetPriorityGrouping
                0x08001318       0x16 Drivers\STM32F3xx_HAL_Driver\Src\stm32f3xx_hal_cortex.o
                0x08001318                HAL_NVIC_SetPriorityGrouping
 .text.HAL_NVIC_SetPriority
                0x0800132e       0x38 Drivers\STM32F3xx_HAL_Driver\Src\stm32f3xx_hal_cortex.o
                0x0800132e                HAL_NVIC_SetPriority
 .text.HAL_NVIC_EnableIRQ
                0x08001366       0x1c Drivers\STM32F3xx_HAL_Driver\Src\stm32f3xx_hal_cortex.o
                0x08001366                HAL_NVIC_EnableIRQ
 .text.HAL_SYSTICK_Config
                0x08001382       0x18 Drivers\STM32F3xx_HAL_Driver\Src\stm32f3xx_hal_cortex.o
                0x08001382                HAL_SYSTICK_Config
 .text.HAL_DMA_Init
                0x0800139a       0x8e Drivers\STM32F3xx_HAL_Driver\Src\stm32f3xx_hal_dma.o
                0x0800139a                HAL_DMA_Init
 .text.HAL_DMA_Start_IT
                0x08001428       0xbe Drivers\STM32F3xx_HAL_Driver\Src\stm32f3xx_hal_dma.o
                0x08001428                HAL_DMA_Start_IT
 .text.HAL_DMA_IRQHandler
                0x080014e6      0x146 Drivers\STM32F3xx_HAL_Driver\Src\stm32f3xx_hal_dma.o
                0x080014e6                HAL_DMA_IRQHandler
 .text.DMA_SetConfig
                0x0800162c       0x5c Drivers\STM32F3xx_HAL_Driver\Src\stm32f3xx_hal_dma.o
 .text.DMA_CalcBaseAndBitshift
                0x08001688       0x40 Drivers\STM32F3xx_HAL_Driver\Src\stm32f3xx_hal_dma.o
 .text.HAL_GPIO_Init
                0x080016c8      0x2ec Drivers\STM32F3xx_HAL_Driver\Src\stm32f3xx_hal_gpio.o
                0x080016c8                HAL_GPIO_Init
 .text.HAL_RCC_OscConfig
                0x080019b4      0xddc Drivers\STM32F3xx_HAL_Driver\Src\stm32f3xx_hal_rcc.o
                0x080019b4                HAL_RCC_OscConfig
 .text.HAL_RCC_ClockConfig
                0x08002790      0x2f8 Drivers\STM32F3xx_HAL_Driver\Src\stm32f3xx_hal_rcc.o
                0x08002790                HAL_RCC_ClockConfig
 .text.HAL_RCC_GetSysClockFreq
                0x08002a88       0xd4 Drivers\STM32F3xx_HAL_Driver\Src\stm32f3xx_hal_rcc.o
                0x08002a88                HAL_RCC_GetSysClockFreq
 .text.HAL_RCC_GetHCLKFreq
                0x08002b5c       0x18 Drivers\STM32F3xx_HAL_Driver\Src\stm32f3xx_hal_rcc.o
                0x08002b5c                HAL_RCC_GetHCLKFreq
 .text.HAL_RCC_GetPCLK1Freq
                0x08002b74       0x44 Drivers\STM32F3xx_HAL_Driver\Src\stm32f3xx_hal_rcc.o
                0x08002b74                HAL_RCC_GetPCLK1Freq
 .text.HAL_RCC_GetPCLK2Freq
                0x08002bb8       0x44 Drivers\STM32F3xx_HAL_Driver\Src\stm32f3xx_hal_rcc.o
                0x08002bb8                HAL_RCC_GetPCLK2Freq
 .text.HAL_UART_Init
                0x08002bfc       0xa2 Drivers\STM32F3xx_HAL_Driver\Src\stm32f3xx_hal_uart.o
                0x08002bfc                HAL_UART_Init
 .text.HAL_UART_Transmit
                0x08002c9e      0x11a Drivers\STM32F3xx_HAL_Driver\Src\stm32f3xx_hal_uart.o
                0x08002c9e                HAL_UART_Transmit
 .text.HAL_UART_Receive
                0x08002db8      0x186 Drivers\STM32F3xx_HAL_Driver\Src\stm32f3xx_hal_uart.o
                0x08002db8                HAL_UART_Receive
 *fill*         0x08002f3e        0x2 
 .text.UART_SetConfig
                0x08002f40      0x2cc Drivers\STM32F3xx_HAL_Driver\Src\stm32f3xx_hal_uart.o
                0x08002f40                UART_SetConfig
 .text.UART_AdvFeatureConfig
                0x0800320c      0x144 Drivers\STM32F3xx_HAL_Driver\Src\stm32f3xx_hal_uart.o
                0x0800320c                UART_AdvFeatureConfig
 .text.UART_CheckIdleState
                0x08003350       0x92 Drivers\STM32F3xx_HAL_Driver\Src\stm32f3xx_hal_uart.o
                0x08003350                UART_CheckIdleState
 .text.UART_WaitOnFlagUntilTimeout
                0x080033e2       0x94 Drivers\STM32F3xx_HAL_Driver\Src\stm32f3xx_hal_uart.o
                0x080033e2                UART_WaitOnFlagUntilTimeout
 *fill*         0x08003476        0x2 
 .text.MX_ADC1_Init
                0x08003478       0xf8 Src\adc.o
                0x08003478                MX_ADC1_Init
 .text.HAL_ADC_MspInit
                0x08003570       0xd0 Src\adc.o
                0x08003570                HAL_ADC_MspInit
 .text.MX_DMA_Init
                0x08003640       0x3c Src\dma.o
                0x08003640                MX_DMA_Init
 .text.MX_GPIO_Init
                0x0800367c       0x48 Src\gpio.o
                0x0800367c                MX_GPIO_Init
 .text.HAL_ADC_ConvCpltCallback
                0x080036c4       0x14 Src\main.o
                0x080036c4                HAL_ADC_ConvCpltCallback
 .text.main     0x080036d8       0x58 Src\main.o
                0x080036d8                main
 .text.SystemClock_Config
                0x08003730       0x8a Src\main.o
                0x08003730                SystemClock_Config
 .text.Error_Handler
                0x080037ba        0xe Src\main.o
                0x080037ba                Error_Handler
 .text.__io_putchar
                0x080037c8       0x24 Src\scanf.o
                0x080037c8                __io_putchar
 .text.__io_getchar
                0x080037ec       0x44 Src\scanf.o
                0x080037ec                __io_getchar
 .text.HAL_MspInit
                0x08003830       0x48 Src\stm32f3xx_hal_msp.o
                0x08003830                HAL_MspInit
 .text.NMI_Handler
                0x08003878        0xe Src\stm32f3xx_it.o
                0x08003878                NMI_Handler
 .text.HardFault_Handler
                0x08003886        0x6 Src\stm32f3xx_it.o
                0x08003886                HardFault_Handler
 .text.MemManage_Handler
                0x0800388c        0x6 Src\stm32f3xx_it.o
                0x0800388c                MemManage_Handler
 .text.BusFault_Handler
                0x08003892        0x6 Src\stm32f3xx_it.o
                0x08003892                BusFault_Handler
 .text.UsageFault_Handler
                0x08003898        0x6 Src\stm32f3xx_it.o
                0x08003898                UsageFault_Handler
 .text.SVC_Handler
                0x0800389e        0xe Src\stm32f3xx_it.o
                0x0800389e                SVC_Handler
 .text.DebugMon_Handler
                0x080038ac        0xe Src\stm32f3xx_it.o
                0x080038ac                DebugMon_Handler
 .text.PendSV_Handler
                0x080038ba        0xe Src\stm32f3xx_it.o
                0x080038ba                PendSV_Handler
 .text.SysTick_Handler
                0x080038c8        0xc Src\stm32f3xx_it.o
                0x080038c8                SysTick_Handler
 .text.DMA1_Channel1_IRQHandler
                0x080038d4       0x14 Src\stm32f3xx_it.o
                0x080038d4                DMA1_Channel1_IRQHandler
 .text._read    0x080038e8       0x3a Src\syscalls.o
                0x080038e8                _read
 .text._write   0x08003922       0x38 Src\syscalls.o
                0x08003922                _write
 *fill*         0x0800395a        0x2 
 .text._sbrk    0x0800395c       0x58 Src\syscalls.o
                0x0800395c                _sbrk
 .text._close   0x080039b4       0x18 Src\syscalls.o
                0x080039b4                _close
 .text._fstat   0x080039cc       0x20 Src\syscalls.o
                0x080039cc                _fstat
 .text._isatty  0x080039ec       0x16 Src\syscalls.o
                0x080039ec                _isatty
 .text._lseek   0x08003a02       0x1a Src\syscalls.o
                0x08003a02                _lseek
 .text.SystemInit
                0x08003a1c       0x94 Src\system_stm32f3xx.o
                0x08003a1c                SystemInit
 .text.MX_USART2_UART_Init
                0x08003ab0       0x60 Src\usart.o
                0x08003ab0                MX_USART2_UART_Init
 .text.HAL_UART_MspInit
                0x08003b10       0x88 Src\usart.o
                0x08003b10                HAL_UART_MspInit
 .text.Reset_Handler
                0x08003b98       0x50 startup\startup_stm32f303x8.o
                0x08003b98                Reset_Handler
 .text.Default_Handler
                0x08003be8        0x2 startup\startup_stm32f303x8.o
                0x08003be8                RTC_Alarm_IRQHandler
                0x08003be8                TIM1_CC_IRQHandler
                0x08003be8                PVD_IRQHandler
                0x08003be8                TAMP_STAMP_IRQHandler
                0x08003be8                EXTI3_IRQHandler
                0x08003be8                EXTI0_IRQHandler
                0x08003be8                FPU_IRQHandler
                0x08003be8                CAN_TX_IRQHandler
                0x08003be8                TIM1_UP_TIM16_IRQHandler
                0x08003be8                ADC1_2_IRQHandler
                0x08003be8                SPI1_IRQHandler
                0x08003be8                CAN_SCE_IRQHandler
                0x08003be8                DMA1_Channel4_IRQHandler
                0x08003be8                USART3_IRQHandler
                0x08003be8                DMA1_Channel7_IRQHandler
                0x08003be8                TIM7_DAC2_IRQHandler
                0x08003be8                CAN_RX1_IRQHandler
                0x08003be8                I2C1_EV_IRQHandler
                0x08003be8                DMA1_Channel6_IRQHandler
                0x08003be8                TIM3_IRQHandler
                0x08003be8                RCC_IRQHandler
                0x08003be8                Default_Handler
                0x08003be8                EXTI15_10_IRQHandler
                0x08003be8                COMP2_IRQHandler
                0x08003be8                TIM6_DAC1_IRQHandler
                0x08003be8                EXTI9_5_IRQHandler
                0x08003be8                RTC_WKUP_IRQHandler
                0x08003be8                DMA1_Channel5_IRQHandler
                0x08003be8                EXTI4_IRQHandler
                0x08003be8                TIM1_TRG_COM_TIM17_IRQHandler
                0x08003be8                DMA1_Channel3_IRQHandler
                0x08003be8                WWDG_IRQHandler
                0x08003be8                TIM2_IRQHandler
                0x08003be8                EXTI1_IRQHandler
                0x08003be8                COMP4_6_IRQHandler
                0x08003be8                USART2_IRQHandler
                0x08003be8                DMA1_Channel2_IRQHandler
                0x08003be8                FLASH_IRQHandler
                0x08003be8                USART1_IRQHandler
                0x08003be8                CAN_RX0_IRQHandler
                0x08003be8                I2C1_ER_IRQHandler
                0x08003be8                EXTI2_TSC_IRQHandler
                0x08003be8                TIM1_BRK_TIM15_IRQHandler
 *fill*         0x08003bea        0x2 
 .text.__errno  0x08003bec        0xc c:/program files (x86)/atollic/truestudio for stm32 9.0.1/armtools/bin/../lib/gcc/arm-atollic-eabi/6.3.1/../../../../arm-atollic-eabi/lib/armv7e-m/fpu\libc_nano.a(lib_a-errno.o)
                0x08003bec                __errno
 .text.__libc_init_array
                0x08003bf8       0x48 c:/program files (x86)/atollic/truestudio for stm32 9.0.1/armtools/bin/../lib/gcc/arm-atollic-eabi/6.3.1/../../../../arm-atollic-eabi/lib/armv7e-m/fpu\libc_nano.a(lib_a-init.o)
                0x08003bf8                __libc_init_array
 .text.memset   0x08003c40       0x10 c:/program files (x86)/atollic/truestudio for stm32 9.0.1/armtools/bin/../lib/gcc/arm-atollic-eabi/6.3.1/../../../../arm-atollic-eabi/lib/armv7e-m/fpu\libc_nano.a(lib_a-memset.o)
                0x08003c40                memset
 .text.printf   0x08003c50       0x30 c:/program files (x86)/atollic/truestudio for stm32 9.0.1/armtools/bin/../lib/gcc/arm-atollic-eabi/6.3.1/../../../../arm-atollic-eabi/lib/armv7e-m/fpu\libc_nano.a(lib_a-printf.o)
                0x08003c50                iprintf
                0x08003c50                printf
 .text.setbuf   0x08003c80       0x10 c:/program files (x86)/atollic/truestudio for stm32 9.0.1/armtools/bin/../lib/gcc/arm-atollic-eabi/6.3.1/../../../../arm-atollic-eabi/lib/armv7e-m/fpu\libc_nano.a(lib_a-setbuf.o)
                0x08003c80                setbuf
 .text.setvbuf  0x08003c90      0x15c c:/program files (x86)/atollic/truestudio for stm32 9.0.1/armtools/bin/../lib/gcc/arm-atollic-eabi/6.3.1/../../../../arm-atollic-eabi/lib/armv7e-m/fpu\libc_nano.a(lib_a-setvbuf.o)
                0x08003c90                setvbuf
 .text.__sflush_r
                0x08003dec      0x110 c:/program files (x86)/atollic/truestudio for stm32 9.0.1/armtools/bin/../lib/gcc/arm-atollic-eabi/6.3.1/../../../../arm-atollic-eabi/lib/armv7e-m/fpu\libc_nano.a(lib_a-fflush.o)
                0x08003dec                __sflush_r
 .text._fflush_r
                0x08003efc       0x54 c:/program files (x86)/atollic/truestudio for stm32 9.0.1/armtools/bin/../lib/gcc/arm-atollic-eabi/6.3.1/../../../../arm-atollic-eabi/lib/armv7e-m/fpu\libc_nano.a(lib_a-fflush.o)
                0x08003efc                _fflush_r
 .text._cleanup_r
                0x08003f50        0xc c:/program files (x86)/atollic/truestudio for stm32 9.0.1/armtools/bin/../lib/gcc/arm-atollic-eabi/6.3.1/../../../../arm-atollic-eabi/lib/armv7e-m/fpu\libc_nano.a(lib_a-findfp.o)
                0x08003f50                _cleanup_r
 .text.std.isra.0
                0x08003f5c       0x48 c:/program files (x86)/atollic/truestudio for stm32 9.0.1/armtools/bin/../lib/gcc/arm-atollic-eabi/6.3.1/../../../../arm-atollic-eabi/lib/armv7e-m/fpu\libc_nano.a(lib_a-findfp.o)
 .text.__sfmoreglue
                0x08003fa4       0x2c c:/program files (x86)/atollic/truestudio for stm32 9.0.1/armtools/bin/../lib/gcc/arm-atollic-eabi/6.3.1/../../../../arm-atollic-eabi/lib/armv7e-m/fpu\libc_nano.a(lib_a-findfp.o)
                0x08003fa4                __sfmoreglue
 .text.__sinit  0x08003fd0       0x60 c:/program files (x86)/atollic/truestudio for stm32 9.0.1/armtools/bin/../lib/gcc/arm-atollic-eabi/6.3.1/../../../../arm-atollic-eabi/lib/armv7e-m/fpu\libc_nano.a(lib_a-findfp.o)
                0x08003fd0                __sinit
 .text.__sfp    0x08004030       0x78 c:/program files (x86)/atollic/truestudio for stm32 9.0.1/armtools/bin/../lib/gcc/arm-atollic-eabi/6.3.1/../../../../arm-atollic-eabi/lib/armv7e-m/fpu\libc_nano.a(lib_a-findfp.o)
                0x08004030                __sfp
 .text._fwalk_reent
                0x080040a8       0x3c c:/program files (x86)/atollic/truestudio for stm32 9.0.1/armtools/bin/../lib/gcc/arm-atollic-eabi/6.3.1/../../../../arm-atollic-eabi/lib/armv7e-m/fpu\libc_nano.a(lib_a-fwalk.o)
                0x080040a8                _fwalk_reent
 .text.__swhatbuf_r
                0x080040e4       0x48 c:/program files (x86)/atollic/truestudio for stm32 9.0.1/armtools/bin/../lib/gcc/arm-atollic-eabi/6.3.1/../../../../arm-atollic-eabi/lib/armv7e-m/fpu\libc_nano.a(lib_a-makebuf.o)
                0x080040e4                __swhatbuf_r
 .text.__smakebuf_r
                0x0800412c       0x80 c:/program files (x86)/atollic/truestudio for stm32 9.0.1/armtools/bin/../lib/gcc/arm-atollic-eabi/6.3.1/../../../../arm-atollic-eabi/lib/armv7e-m/fpu\libc_nano.a(lib_a-makebuf.o)
                0x0800412c                __smakebuf_r
 .text.malloc   0x080041ac       0x10 c:/program files (x86)/atollic/truestudio for stm32 9.0.1/armtools/bin/../lib/gcc/arm-atollic-eabi/6.3.1/../../../../arm-atollic-eabi/lib/armv7e-m/fpu\libc_nano.a(lib_a-malloc.o)
                0x080041ac                malloc
 .text._free_r  0x080041bc       0x9c c:/program files (x86)/atollic/truestudio for stm32 9.0.1/armtools/bin/../lib/gcc/arm-atollic-eabi/6.3.1/../../../../arm-atollic-eabi/lib/armv7e-m/fpu\libc_nano.a(lib_a-nano-freer.o)
                0x080041bc                _free_r
 .text._malloc_r
                0x08004258       0xbc c:/program files (x86)/atollic/truestudio for stm32 9.0.1/armtools/bin/../lib/gcc/arm-atollic-eabi/6.3.1/../../../../arm-atollic-eabi/lib/armv7e-m/fpu\libc_nano.a(lib_a-nano-mallocr.o)
                0x08004258                _malloc_r
 .text.__sfputc_r
                0x08004314       0x30 c:/program files (x86)/atollic/truestudio for stm32 9.0.1/armtools/bin/../lib/gcc/arm-atollic-eabi/6.3.1/../../../../arm-atollic-eabi/lib/armv7e-m/fpu\libc_nano.a(lib_a-nano-vfprintf.o)
 .text.__sfputs_r
                0x08004344       0x24 c:/program files (x86)/atollic/truestudio for stm32 9.0.1/armtools/bin/../lib/gcc/arm-atollic-eabi/6.3.1/../../../../arm-atollic-eabi/lib/armv7e-m/fpu\libc_nano.a(lib_a-nano-vfprintf.o)
                0x08004344                __sfputs_r
 .text._vfprintf_r
                0x08004368      0x22c c:/program files (x86)/atollic/truestudio for stm32 9.0.1/armtools/bin/../lib/gcc/arm-atollic-eabi/6.3.1/../../../../arm-atollic-eabi/lib/armv7e-m/fpu\libc_nano.a(lib_a-nano-vfprintf.o)
                0x08004368                _vfprintf_r
                0x08004368                _vfiprintf_r
 .text._printf_common
                0x08004594       0xec c:/program files (x86)/atollic/truestudio for stm32 9.0.1/armtools/bin/../lib/gcc/arm-atollic-eabi/6.3.1/../../../../arm-atollic-eabi/lib/armv7e-m/fpu\libc_nano.a(lib_a-nano-vfprintf_i.o)
                0x08004594                _printf_common
 .text._printf_i
                0x08004680      0x240 c:/program files (x86)/atollic/truestudio for stm32 9.0.1/armtools/bin/../lib/gcc/arm-atollic-eabi/6.3.1/../../../../arm-atollic-eabi/lib/armv7e-m/fpu\libc_nano.a(lib_a-nano-vfprintf_i.o)
                0x08004680                _printf_i
 .text._sbrk_r  0x080048c0       0x20 c:/program files (x86)/atollic/truestudio for stm32 9.0.1/armtools/bin/../lib/gcc/arm-atollic-eabi/6.3.1/../../../../arm-atollic-eabi/lib/armv7e-m/fpu\libc_nano.a(lib_a-sbrkr.o)
                0x080048c0                _sbrk_r
 .text.__sread  0x080048e0       0x22 c:/program files (x86)/atollic/truestudio for stm32 9.0.1/armtools/bin/../lib/gcc/arm-atollic-eabi/6.3.1/../../../../arm-atollic-eabi/lib/armv7e-m/fpu\libc_nano.a(lib_a-stdio.o)
                0x080048e0                __sread
 .text.__swrite
                0x08004902       0x38 c:/program files (x86)/atollic/truestudio for stm32 9.0.1/armtools/bin/../lib/gcc/arm-atollic-eabi/6.3.1/../../../../arm-atollic-eabi/lib/armv7e-m/fpu\libc_nano.a(lib_a-stdio.o)
                0x08004902                __swrite
 .text.__sseek  0x0800493a       0x24 c:/program files (x86)/atollic/truestudio for stm32 9.0.1/armtools/bin/../lib/gcc/arm-atollic-eabi/6.3.1/../../../../arm-atollic-eabi/lib/armv7e-m/fpu\libc_nano.a(lib_a-stdio.o)
                0x0800493a                __sseek
 .text.__sclose
                0x0800495e        0x8 c:/program files (x86)/atollic/truestudio for stm32 9.0.1/armtools/bin/../lib/gcc/arm-atollic-eabi/6.3.1/../../../../arm-atollic-eabi/lib/armv7e-m/fpu\libc_nano.a(lib_a-stdio.o)
                0x0800495e                __sclose
 *fill*         0x08004966        0x2 
 .text.__swbuf_r
                0x08004968       0xa4 c:/program files (x86)/atollic/truestudio for stm32 9.0.1/armtools/bin/../lib/gcc/arm-atollic-eabi/6.3.1/../../../../arm-atollic-eabi/lib/armv7e-m/fpu\libc_nano.a(lib_a-wbuf.o)
                0x08004968                __swbuf_r
 .text._write_r
                0x08004a0c       0x24 c:/program files (x86)/atollic/truestudio for stm32 9.0.1/armtools/bin/../lib/gcc/arm-atollic-eabi/6.3.1/../../../../arm-atollic-eabi/lib/armv7e-m/fpu\libc_nano.a(lib_a-writer.o)
                0x08004a0c                _write_r
 .text.__swsetup_r
                0x08004a30       0xdc c:/program files (x86)/atollic/truestudio for stm32 9.0.1/armtools/bin/../lib/gcc/arm-atollic-eabi/6.3.1/../../../../arm-atollic-eabi/lib/armv7e-m/fpu\libc_nano.a(lib_a-wsetup.o)
                0x08004a30                __swsetup_r
 .text._close_r
                0x08004b0c       0x20 c:/program files (x86)/atollic/truestudio for stm32 9.0.1/armtools/bin/../lib/gcc/arm-atollic-eabi/6.3.1/../../../../arm-atollic-eabi/lib/armv7e-m/fpu\libc_nano.a(lib_a-closer.o)
                0x08004b0c                _close_r
 .text._fstat_r
                0x08004b2c       0x24 c:/program files (x86)/atollic/truestudio for stm32 9.0.1/armtools/bin/../lib/gcc/arm-atollic-eabi/6.3.1/../../../../arm-atollic-eabi/lib/armv7e-m/fpu\libc_nano.a(lib_a-fstatr.o)
                0x08004b2c                _fstat_r
 .text._isatty_r
                0x08004b50       0x20 c:/program files (x86)/atollic/truestudio for stm32 9.0.1/armtools/bin/../lib/gcc/arm-atollic-eabi/6.3.1/../../../../arm-atollic-eabi/lib/armv7e-m/fpu\libc_nano.a(lib_a-isattyr.o)
                0x08004b50                _isatty_r
 .text._lseek_r
                0x08004b70       0x24 c:/program files (x86)/atollic/truestudio for stm32 9.0.1/armtools/bin/../lib/gcc/arm-atollic-eabi/6.3.1/../../../../arm-atollic-eabi/lib/armv7e-m/fpu\libc_nano.a(lib_a-lseekr.o)
                0x08004b70                _lseek_r
 .text.__malloc_lock
                0x08004b94        0x2 c:/program files (x86)/atollic/truestudio for stm32 9.0.1/armtools/bin/../lib/gcc/arm-atollic-eabi/6.3.1/../../../../arm-atollic-eabi/lib/armv7e-m/fpu\libc_nano.a(lib_a-mlock.o)
                0x08004b94                __malloc_lock
 .text.__malloc_unlock
                0x08004b96        0x2 c:/program files (x86)/atollic/truestudio for stm32 9.0.1/armtools/bin/../lib/gcc/arm-atollic-eabi/6.3.1/../../../../arm-atollic-eabi/lib/armv7e-m/fpu\libc_nano.a(lib_a-mlock.o)
                0x08004b96                __malloc_unlock
 .text._read_r  0x08004b98       0x24 c:/program files (x86)/atollic/truestudio for stm32 9.0.1/armtools/bin/../lib/gcc/arm-atollic-eabi/6.3.1/../../../../arm-atollic-eabi/lib/armv7e-m/fpu\libc_nano.a(lib_a-readr.o)
                0x08004b98                _read_r
 *(.glue_7)
 .glue_7        0x08004bbc        0x0 linker stubs
 *(.glue_7t)
 .glue_7t       0x08004bbc        0x0 linker stubs
 *(.eh_frame)
 .eh_frame      0x08004bbc        0x0 c:/program files (x86)/atollic/truestudio for stm32 9.0.1/armtools/bin/../lib/gcc/arm-atollic-eabi/6.3.1/armv7e-m/fpu/crtbegin.o
 *(.init)
 .init          0x08004bbc        0x4 c:/program files (x86)/atollic/truestudio for stm32 9.0.1/armtools/bin/../lib/gcc/arm-atollic-eabi/6.3.1/armv7e-m/fpu/crti.o
                0x08004bbc                _init
 .init          0x08004bc0        0x8 c:/program files (x86)/atollic/truestudio for stm32 9.0.1/armtools/bin/../lib/gcc/arm-atollic-eabi/6.3.1/armv7e-m/fpu/crtn.o
 *(.fini)
 .fini          0x08004bc8        0x4 c:/program files (x86)/atollic/truestudio for stm32 9.0.1/armtools/bin/../lib/gcc/arm-atollic-eabi/6.3.1/armv7e-m/fpu/crti.o
                0x08004bc8                _fini
 .fini          0x08004bcc        0x8 c:/program files (x86)/atollic/truestudio for stm32 9.0.1/armtools/bin/../lib/gcc/arm-atollic-eabi/6.3.1/armv7e-m/fpu/crtn.o
                0x08004bd4                . = ALIGN (0x4)
                0x08004bd4                _etext = .

.vfp11_veneer   0x08004bd4        0x0
 .vfp11_veneer  0x08004bd4        0x0 linker stubs

.v4_bx          0x08004bd4        0x0
 .v4_bx         0x08004bd4        0x0 linker stubs

.iplt           0x08004bd4        0x0
 .iplt          0x08004bd4        0x0 c:/program files (x86)/atollic/truestudio for stm32 9.0.1/armtools/bin/../lib/gcc/arm-atollic-eabi/6.3.1/armv7e-m/fpu/crtbegin.o

.rodata         0x08004bd4       0xe8
                0x08004bd4                . = ALIGN (0x4)
 *(.rodata)
 .rodata        0x08004bd4       0x16 Src\main.o
 *(.rodata*)
 *fill*         0x08004bea        0x2 
 .rodata.aPLLMULFactorTable
                0x08004bec       0x10 Drivers\STM32F3xx_HAL_Driver\Src\stm32f3xx_hal_rcc.o
                0x08004bec                aPLLMULFactorTable
 .rodata.aPredivFactorTable
                0x08004bfc       0x10 Drivers\STM32F3xx_HAL_Driver\Src\stm32f3xx_hal_rcc.o
                0x08004bfc                aPredivFactorTable
 .rodata.AHBPrescTable
                0x08004c0c       0x10 Src\system_stm32f3xx.o
                0x08004c0c                AHBPrescTable
 .rodata.APBPrescTable
                0x08004c1c        0x8 Src\system_stm32f3xx.o
                0x08004c1c                APBPrescTable
 .rodata._global_impure_ptr
                0x08004c24        0x4 c:/program files (x86)/atollic/truestudio for stm32 9.0.1/armtools/bin/../lib/gcc/arm-atollic-eabi/6.3.1/../../../../arm-atollic-eabi/lib/armv7e-m/fpu\libc_nano.a(lib_a-impure.o)
                0x08004c24                _global_impure_ptr
 .rodata.__sf_fake_stderr
                0x08004c28       0x20 c:/program files (x86)/atollic/truestudio for stm32 9.0.1/armtools/bin/../lib/gcc/arm-atollic-eabi/6.3.1/../../../../arm-atollic-eabi/lib/armv7e-m/fpu\libc_nano.a(lib_a-findfp.o)
                0x08004c28                __sf_fake_stderr
 .rodata.__sf_fake_stdin
                0x08004c48       0x20 c:/program files (x86)/atollic/truestudio for stm32 9.0.1/armtools/bin/../lib/gcc/arm-atollic-eabi/6.3.1/../../../../arm-atollic-eabi/lib/armv7e-m/fpu\libc_nano.a(lib_a-findfp.o)
                0x08004c48                __sf_fake_stdin
 .rodata.__sf_fake_stdout
                0x08004c68       0x20 c:/program files (x86)/atollic/truestudio for stm32 9.0.1/armtools/bin/../lib/gcc/arm-atollic-eabi/6.3.1/../../../../arm-atollic-eabi/lib/armv7e-m/fpu\libc_nano.a(lib_a-findfp.o)
                0x08004c68                __sf_fake_stdout
 .rodata._vfprintf_r.str1.1
                0x08004c88       0x11 c:/program files (x86)/atollic/truestudio for stm32 9.0.1/armtools/bin/../lib/gcc/arm-atollic-eabi/6.3.1/../../../../arm-atollic-eabi/lib/armv7e-m/fpu\libc_nano.a(lib_a-nano-vfprintf.o)
 .rodata._printf_i.str1.1
                0x08004c99       0x22 c:/program files (x86)/atollic/truestudio for stm32 9.0.1/armtools/bin/../lib/gcc/arm-atollic-eabi/6.3.1/../../../../arm-atollic-eabi/lib/armv7e-m/fpu\libc_nano.a(lib_a-nano-vfprintf_i.o)
                0x08004cbc                . = ALIGN (0x4)
 *fill*         0x08004cbb        0x1 

.rel.dyn        0x08004cbc        0x0
 .rel.iplt      0x08004cbc        0x0 c:/program files (x86)/atollic/truestudio for stm32 9.0.1/armtools/bin/../lib/gcc/arm-atollic-eabi/6.3.1/armv7e-m/fpu/crtbegin.o

.ARM.extab
 *(.ARM.extab* .gnu.linkonce.armextab.*)

.ARM            0x08004cbc        0x0
                0x08004cbc                __exidx_start = .
 *(.ARM.exidx*)
                0x08004cbc                __exidx_end = .

.preinit_array  0x08004cbc        0x0
                0x08004cbc                PROVIDE (__preinit_array_start, .)
 *(.preinit_array*)
                0x08004cbc                PROVIDE (__preinit_array_end, .)

.init_array     0x08004cbc        0x4
                0x08004cbc                PROVIDE (__init_array_start, .)
 *(SORT(.init_array.*))
 *(.init_array*)
 .init_array    0x08004cbc        0x4 c:/program files (x86)/atollic/truestudio for stm32 9.0.1/armtools/bin/../lib/gcc/arm-atollic-eabi/6.3.1/armv7e-m/fpu/crtbegin.o
                0x08004cc0                PROVIDE (__init_array_end, .)

.fini_array     0x08004cc0        0x4
                [!provide]                PROVIDE (__fini_array_start, .)
 *(SORT(.fini_array.*))
 *(.fini_array*)
 .fini_array    0x08004cc0        0x4 c:/program files (x86)/atollic/truestudio for stm32 9.0.1/armtools/bin/../lib/gcc/arm-atollic-eabi/6.3.1/armv7e-m/fpu/crtbegin.o
                [!provide]                PROVIDE (__fini_array_end, .)
                0x08004cc4                _sidata = LOADADDR (.data)

.data           0x20000000       0x70 load address 0x08004cc4
                0x20000000                . = ALIGN (0x4)
                0x20000000                _sdata = .
 *(.data)
 *(.data*)
 .data.uwTickPrio
                0x20000000        0x4 Drivers\STM32F3xx_HAL_Driver\Src\stm32f3xx_hal.o
                0x20000000                uwTickPrio
 .data.uwTickFreq
                0x20000004        0x1 Drivers\STM32F3xx_HAL_Driver\Src\stm32f3xx_hal.o
                0x20000004                uwTickFreq
 *fill*         0x20000005        0x3 
 .data.SystemCoreClock
                0x20000008        0x4 Src\system_stm32f3xx.o
                0x20000008                SystemCoreClock
 .data._impure_ptr
                0x2000000c        0x4 c:/program files (x86)/atollic/truestudio for stm32 9.0.1/armtools/bin/../lib/gcc/arm-atollic-eabi/6.3.1/../../../../arm-atollic-eabi/lib/armv7e-m/fpu\libc_nano.a(lib_a-impure.o)
                0x2000000c                _impure_ptr
 .data.impure_data
                0x20000010       0x60 c:/program files (x86)/atollic/truestudio for stm32 9.0.1/armtools/bin/../lib/gcc/arm-atollic-eabi/6.3.1/../../../../arm-atollic-eabi/lib/armv7e-m/fpu\libc_nano.a(lib_a-impure.o)
                0x20000070                . = ALIGN (0x4)
                0x20000070                _edata = .
                0x08004d34                _siccmram = LOADADDR (.ccmram)

.igot.plt       0x20000070        0x0 load address 0x08004d34
 .igot.plt      0x20000070        0x0 c:/program files (x86)/atollic/truestudio for stm32 9.0.1/armtools/bin/../lib/gcc/arm-atollic-eabi/6.3.1/armv7e-m/fpu/crtbegin.o

.ccmram         0x10000000        0x0 load address 0x08004d34
                0x10000000                . = ALIGN (0x4)
                0x10000000                _sccmram = .
 *(.ccmram)
 *(.ccmram*)
                0x10000000                . = ALIGN (0x4)
                0x10000000                _eccmram = .
                0x10000000                . = ALIGN (0x4)

.bss            0x20000070      0x13c
                0x20000070                _sbss = .
                0x20000070                __bss_start__ = _sbss
 *(.bss)
 .bss           0x20000070       0x1c c:/program files (x86)/atollic/truestudio for stm32 9.0.1/armtools/bin/../lib/gcc/arm-atollic-eabi/6.3.1/armv7e-m/fpu/crtbegin.o
 *(.bss*)
 .bss.adcValue  0x2000008c        0x4 Src\main.o
                0x2000008c                adcValue
 .bss.heap_end.7010
                0x20000090        0x4 Src\syscalls.o
 .bss.__malloc_free_list
                0x20000094        0x4 c:/program files (x86)/atollic/truestudio for stm32 9.0.1/armtools/bin/../lib/gcc/arm-atollic-eabi/6.3.1/../../../../arm-atollic-eabi/lib/armv7e-m/fpu\libc_nano.a(lib_a-nano-mallocr.o)
                0x20000094                __malloc_free_list
 .bss.__malloc_sbrk_start
                0x20000098        0x4 c:/program files (x86)/atollic/truestudio for stm32 9.0.1/armtools/bin/../lib/gcc/arm-atollic-eabi/6.3.1/../../../../arm-atollic-eabi/lib/armv7e-m/fpu\libc_nano.a(lib_a-nano-mallocr.o)
                0x20000098                __malloc_sbrk_start
 *(COMMON)
 COMMON         0x2000009c        0x4 Drivers\STM32F3xx_HAL_Driver\Src\stm32f3xx_hal.o
                0x2000009c                uwTick
 COMMON         0x200000a0       0x98 Src\adc.o
                0x200000a0                hadc1
                0x200000f4                hdma_adc1
 COMMON         0x20000138       0x70 Src\usart.o
                0x20000138                huart2
 COMMON         0x200001a8        0x4 c:/program files (x86)/atollic/truestudio for stm32 9.0.1/armtools/bin/../lib/gcc/arm-atollic-eabi/6.3.1/../../../../arm-atollic-eabi/lib/armv7e-m/fpu\libc_nano.a(lib_a-reent.o)
                0x200001a8                errno
                0x200001ac                . = ALIGN (0x4)
                0x200001ac                _ebss = .
                0x200001ac                __bss_end__ = _ebss

._user_heap_stack
                0x200001ac      0x600
                0x200001ac                . = ALIGN (0x4)
                0x200001ac                PROVIDE (end, .)
                [!provide]                PROVIDE (_end, .)
                0x200003ac                . = (. + _Min_Heap_Size)
 *fill*         0x200001ac      0x200 
                0x200007ac                . = (. + _Min_Stack_Size)
 *fill*         0x200003ac      0x400 
                0x200007ac                . = ALIGN (0x4)

/DISCARD/
 libc.a(*)
 libm.a(*)
 libgcc.a(*)

.ARM.attributes
                0x00000000       0x30
 *(.ARM.attributes)
 .ARM.attributes
                0x00000000       0x22 c:/program files (x86)/atollic/truestudio for stm32 9.0.1/armtools/bin/../lib/gcc/arm-atollic-eabi/6.3.1/armv7e-m/fpu/crti.o
 .ARM.attributes
                0x00000022       0x34 c:/program files (x86)/atollic/truestudio for stm32 9.0.1/armtools/bin/../lib/gcc/arm-atollic-eabi/6.3.1/armv7e-m/fpu/crtbegin.o
 .ARM.attributes
                0x00000056       0x39 Drivers\STM32F3xx_HAL_Driver\Src\stm32f3xx_hal.o
 .ARM.attributes
                0x0000008f       0x39 Drivers\STM32F3xx_HAL_Driver\Src\stm32f3xx_hal_adc.o
 .ARM.attributes
                0x000000c8       0x39 Drivers\STM32F3xx_HAL_Driver\Src\stm32f3xx_hal_adc_ex.o
 .ARM.attributes
                0x00000101       0x39 Drivers\STM32F3xx_HAL_Driver\Src\stm32f3xx_hal_cortex.o
 .ARM.attributes
                0x0000013a       0x39 Drivers\STM32F3xx_HAL_Driver\Src\stm32f3xx_hal_dma.o
 .ARM.attributes
                0x00000173       0x39 Drivers\STM32F3xx_HAL_Driver\Src\stm32f3xx_hal_gpio.o
 .ARM.attributes
                0x000001ac       0x39 Drivers\STM32F3xx_HAL_Driver\Src\stm32f3xx_hal_rcc.o
 .ARM.attributes
                0x000001e5       0x39 Drivers\STM32F3xx_HAL_Driver\Src\stm32f3xx_hal_uart.o
 .ARM.attributes
                0x0000021e       0x39 Src\adc.o
 .ARM.attributes
                0x00000257       0x39 Src\dma.o
 .ARM.attributes
                0x00000290       0x39 Src\gpio.o
 .ARM.attributes
                0x000002c9       0x39 Src\main.o
 .ARM.attributes
                0x00000302       0x39 Src\scanf.o
 .ARM.attributes
                0x0000033b       0x39 Src\stm32f3xx_hal_msp.o
 .ARM.attributes
                0x00000374       0x39 Src\stm32f3xx_it.o
 .ARM.attributes
                0x000003ad       0x39 Src\syscalls.o
 .ARM.attributes
                0x000003e6       0x39 Src\system_stm32f3xx.o
 .ARM.attributes
                0x0000041f       0x39 Src\usart.o
 .ARM.attributes
                0x00000458       0x21 startup\startup_stm32f303x8.o
 .ARM.attributes
                0x00000479       0x34 c:/program files (x86)/atollic/truestudio for stm32 9.0.1/armtools/bin/../lib/gcc/arm-atollic-eabi/6.3.1/../../../../arm-atollic-eabi/lib/armv7e-m/fpu\libc_nano.a(lib_a-errno.o)
 .ARM.attributes
                0x000004ad       0x34 c:/program files (x86)/atollic/truestudio for stm32 9.0.1/armtools/bin/../lib/gcc/arm-atollic-eabi/6.3.1/../../../../arm-atollic-eabi/lib/armv7e-m/fpu\libc_nano.a(lib_a-impure.o)
 .ARM.attributes
                0x000004e1       0x34 c:/program files (x86)/atollic/truestudio for stm32 9.0.1/armtools/bin/../lib/gcc/arm-atollic-eabi/6.3.1/../../../../arm-atollic-eabi/lib/armv7e-m/fpu\libc_nano.a(lib_a-init.o)
 .ARM.attributes
                0x00000515       0x34 c:/program files (x86)/atollic/truestudio for stm32 9.0.1/armtools/bin/../lib/gcc/arm-atollic-eabi/6.3.1/../../../../arm-atollic-eabi/lib/armv7e-m/fpu\libc_nano.a(lib_a-memset.o)
 .ARM.attributes
                0x00000549       0x34 c:/program files (x86)/atollic/truestudio for stm32 9.0.1/armtools/bin/../lib/gcc/arm-atollic-eabi/6.3.1/../../../../arm-atollic-eabi/lib/armv7e-m/fpu\libc_nano.a(lib_a-printf.o)
 .ARM.attributes
                0x0000057d       0x34 c:/program files (x86)/atollic/truestudio for stm32 9.0.1/armtools/bin/../lib/gcc/arm-atollic-eabi/6.3.1/../../../../arm-atollic-eabi/lib/armv7e-m/fpu\libc_nano.a(lib_a-setbuf.o)
 .ARM.attributes
                0x000005b1       0x34 c:/program files (x86)/atollic/truestudio for stm32 9.0.1/armtools/bin/../lib/gcc/arm-atollic-eabi/6.3.1/../../../../arm-atollic-eabi/lib/armv7e-m/fpu\libc_nano.a(lib_a-setvbuf.o)
 .ARM.attributes
                0x000005e5       0x34 c:/program files (x86)/atollic/truestudio for stm32 9.0.1/armtools/bin/../lib/gcc/arm-atollic-eabi/6.3.1/../../../../arm-atollic-eabi/lib/armv7e-m/fpu\libc_nano.a(lib_a-fflush.o)
 .ARM.attributes
                0x00000619       0x34 c:/program files (x86)/atollic/truestudio for stm32 9.0.1/armtools/bin/../lib/gcc/arm-atollic-eabi/6.3.1/../../../../arm-atollic-eabi/lib/armv7e-m/fpu\libc_nano.a(lib_a-findfp.o)
 .ARM.attributes
                0x0000064d       0x34 c:/program files (x86)/atollic/truestudio for stm32 9.0.1/armtools/bin/../lib/gcc/arm-atollic-eabi/6.3.1/../../../../arm-atollic-eabi/lib/armv7e-m/fpu\libc_nano.a(lib_a-fwalk.o)
 .ARM.attributes
                0x00000681       0x34 c:/program files (x86)/atollic/truestudio for stm32 9.0.1/armtools/bin/../lib/gcc/arm-atollic-eabi/6.3.1/../../../../arm-atollic-eabi/lib/armv7e-m/fpu\libc_nano.a(lib_a-makebuf.o)
 .ARM.attributes
                0x000006b5       0x34 c:/program files (x86)/atollic/truestudio for stm32 9.0.1/armtools/bin/../lib/gcc/arm-atollic-eabi/6.3.1/../../../../arm-atollic-eabi/lib/armv7e-m/fpu\libc_nano.a(lib_a-malloc.o)
 .ARM.attributes
                0x000006e9       0x34 c:/program files (x86)/atollic/truestudio for stm32 9.0.1/armtools/bin/../lib/gcc/arm-atollic-eabi/6.3.1/../../../../arm-atollic-eabi/lib/armv7e-m/fpu\libc_nano.a(lib_a-nano-freer.o)
 .ARM.attributes
                0x0000071d       0x34 c:/program files (x86)/atollic/truestudio for stm32 9.0.1/armtools/bin/../lib/gcc/arm-atollic-eabi/6.3.1/../../../../arm-atollic-eabi/lib/armv7e-m/fpu\libc_nano.a(lib_a-nano-mallocr.o)
 .ARM.attributes
                0x00000751       0x34 c:/program files (x86)/atollic/truestudio for stm32 9.0.1/armtools/bin/../lib/gcc/arm-atollic-eabi/6.3.1/../../../../arm-atollic-eabi/lib/armv7e-m/fpu\libc_nano.a(lib_a-nano-vfprintf.o)
 .ARM.attributes
                0x00000785       0x34 c:/program files (x86)/atollic/truestudio for stm32 9.0.1/armtools/bin/../lib/gcc/arm-atollic-eabi/6.3.1/../../../../arm-atollic-eabi/lib/armv7e-m/fpu\libc_nano.a(lib_a-nano-vfprintf_i.o)
 .ARM.attributes
                0x000007b9       0x34 c:/program files (x86)/atollic/truestudio for stm32 9.0.1/armtools/bin/../lib/gcc/arm-atollic-eabi/6.3.1/../../../../arm-atollic-eabi/lib/armv7e-m/fpu\libc_nano.a(lib_a-sbrkr.o)
 .ARM.attributes
                0x000007ed       0x34 c:/program files (x86)/atollic/truestudio for stm32 9.0.1/armtools/bin/../lib/gcc/arm-atollic-eabi/6.3.1/../../../../arm-atollic-eabi/lib/armv7e-m/fpu\libc_nano.a(lib_a-stdio.o)
 .ARM.attributes
                0x00000821       0x34 c:/program files (x86)/atollic/truestudio for stm32 9.0.1/armtools/bin/../lib/gcc/arm-atollic-eabi/6.3.1/../../../../arm-atollic-eabi/lib/armv7e-m/fpu\libc_nano.a(lib_a-wbuf.o)
 .ARM.attributes
                0x00000855       0x34 c:/program files (x86)/atollic/truestudio for stm32 9.0.1/armtools/bin/../lib/gcc/arm-atollic-eabi/6.3.1/../../../../arm-atollic-eabi/lib/armv7e-m/fpu\libc_nano.a(lib_a-writer.o)
 .ARM.attributes
                0x00000889       0x34 c:/program files (x86)/atollic/truestudio for stm32 9.0.1/armtools/bin/../lib/gcc/arm-atollic-eabi/6.3.1/../../../../arm-atollic-eabi/lib/armv7e-m/fpu\libc_nano.a(lib_a-wsetup.o)
 .ARM.attributes
                0x000008bd       0x34 c:/program files (x86)/atollic/truestudio for stm32 9.0.1/armtools/bin/../lib/gcc/arm-atollic-eabi/6.3.1/../../../../arm-atollic-eabi/lib/armv7e-m/fpu\libc_nano.a(lib_a-closer.o)
 .ARM.attributes
                0x000008f1       0x34 c:/program files (x86)/atollic/truestudio for stm32 9.0.1/armtools/bin/../lib/gcc/arm-atollic-eabi/6.3.1/../../../../arm-atollic-eabi/lib/armv7e-m/fpu\libc_nano.a(lib_a-fstatr.o)
 .ARM.attributes
                0x00000925       0x34 c:/program files (x86)/atollic/truestudio for stm32 9.0.1/armtools/bin/../lib/gcc/arm-atollic-eabi/6.3.1/../../../../arm-atollic-eabi/lib/armv7e-m/fpu\libc_nano.a(lib_a-isattyr.o)
 .ARM.attributes
                0x00000959       0x34 c:/program files (x86)/atollic/truestudio for stm32 9.0.1/armtools/bin/../lib/gcc/arm-atollic-eabi/6.3.1/../../../../arm-atollic-eabi/lib/armv7e-m/fpu\libc_nano.a(lib_a-lseekr.o)
 .ARM.attributes
                0x0000098d       0x20 c:/program files (x86)/atollic/truestudio for stm32 9.0.1/armtools/bin/../lib/gcc/arm-atollic-eabi/6.3.1/../../../../arm-atollic-eabi/lib/armv7e-m/fpu\libc_nano.a(lib_a-memchr.o)
 .ARM.attributes
                0x000009ad       0x34 c:/program files (x86)/atollic/truestudio for stm32 9.0.1/armtools/bin/../lib/gcc/arm-atollic-eabi/6.3.1/../../../../arm-atollic-eabi/lib/armv7e-m/fpu\libc_nano.a(lib_a-mlock.o)
 .ARM.attributes
                0x000009e1       0x34 c:/program files (x86)/atollic/truestudio for stm32 9.0.1/armtools/bin/../lib/gcc/arm-atollic-eabi/6.3.1/../../../../arm-atollic-eabi/lib/armv7e-m/fpu\libc_nano.a(lib_a-readr.o)
 .ARM.attributes
                0x00000a15       0x34 c:/program files (x86)/atollic/truestudio for stm32 9.0.1/armtools/bin/../lib/gcc/arm-atollic-eabi/6.3.1/../../../../arm-atollic-eabi/lib/armv7e-m/fpu\libc_nano.a(lib_a-reent.o)
 .ARM.attributes
                0x00000a49       0x22 c:/program files (x86)/atollic/truestudio for stm32 9.0.1/armtools/bin/../lib/gcc/arm-atollic-eabi/6.3.1/armv7e-m/fpu/crtn.o
OUTPUT(ADC_DMA_Test.elf elf32-littlearm)

.debug_info     0x00000000    0x13f8f
 .debug_info    0x00000000      0xf5b Drivers\STM32F3xx_HAL_Driver\Src\stm32f3xx_hal.o
 .debug_info    0x00000f5b     0x13b8 Drivers\STM32F3xx_HAL_Driver\Src\stm32f3xx_hal_adc.o
 .debug_info    0x00002313     0x1d76 Drivers\STM32F3xx_HAL_Driver\Src\stm32f3xx_hal_adc_ex.o
 .debug_info    0x00004089     0x135a Drivers\STM32F3xx_HAL_Driver\Src\stm32f3xx_hal_cortex.o
 .debug_info    0x000053e3      0xfd7 Drivers\STM32F3xx_HAL_Driver\Src\stm32f3xx_hal_dma.o
 .debug_info    0x000063ba      0xfde Drivers\STM32F3xx_HAL_Driver\Src\stm32f3xx_hal_gpio.o
 .debug_info    0x00007398     0x1ffc Drivers\STM32F3xx_HAL_Driver\Src\stm32f3xx_hal_rcc.o
 .debug_info    0x00009394     0x1c9a Drivers\STM32F3xx_HAL_Driver\Src\stm32f3xx_hal_uart.o
 .debug_info    0x0000b02e     0x125a Src\adc.o
 .debug_info    0x0000c288      0xbb5 Src\dma.o
 .debug_info    0x0000ce3d      0xa8c Src\gpio.o
 .debug_info    0x0000d8c9     0x13c9 Src\main.o
 .debug_info    0x0000ec92      0xf0e Src\scanf.o
 .debug_info    0x0000fba0      0xa8c Src\stm32f3xx_hal_msp.o
 .debug_info    0x0001062c      0xc3e Src\stm32f3xx_it.o
 .debug_info    0x0001126a      0xf16 Src\syscalls.o
 .debug_info    0x00012180      0xc70 Src\system_stm32f3xx.o
 .debug_info    0x00012df0     0x1135 Src\usart.o
 .debug_info    0x00013f25       0x6a startup\startup_stm32f303x8.o

.debug_abbrev   0x00000000     0x2796
 .debug_abbrev  0x00000000      0x27e Drivers\STM32F3xx_HAL_Driver\Src\stm32f3xx_hal.o
 .debug_abbrev  0x0000027e      0x1e4 Drivers\STM32F3xx_HAL_Driver\Src\stm32f3xx_hal_adc.o
 .debug_abbrev  0x00000462      0x282 Drivers\STM32F3xx_HAL_Driver\Src\stm32f3xx_hal_adc_ex.o
 .debug_abbrev  0x000006e4      0x334 Drivers\STM32F3xx_HAL_Driver\Src\stm32f3xx_hal_cortex.o
 .debug_abbrev  0x00000a18      0x26a Drivers\STM32F3xx_HAL_Driver\Src\stm32f3xx_hal_dma.o
 .debug_abbrev  0x00000c82      0x24c Drivers\STM32F3xx_HAL_Driver\Src\stm32f3xx_hal_gpio.o
 .debug_abbrev  0x00000ece      0x30f Drivers\STM32F3xx_HAL_Driver\Src\stm32f3xx_hal_rcc.o
 .debug_abbrev  0x000011dd      0x271 Drivers\STM32F3xx_HAL_Driver\Src\stm32f3xx_hal_uart.o
 .debug_abbrev  0x0000144e      0x207 Src\adc.o
 .debug_abbrev  0x00001655      0x1be Src\dma.o
 .debug_abbrev  0x00001813      0x1c0 Src\gpio.o
 .debug_abbrev  0x000019d3      0x21a Src\main.o
 .debug_abbrev  0x00001bed      0x1d9 Src\scanf.o
 .debug_abbrev  0x00001dc6      0x1c0 Src\stm32f3xx_hal_msp.o
 .debug_abbrev  0x00001f86      0x1b5 Src\stm32f3xx_it.o
 .debug_abbrev  0x0000213b      0x271 Src\syscalls.o
 .debug_abbrev  0x000023ac      0x1e2 Src\system_stm32f3xx.o
 .debug_abbrev  0x0000258e      0x1f6 Src\usart.o
 .debug_abbrev  0x00002784       0x12 startup\startup_stm32f303x8.o

.debug_aranges  0x00000000      0x9f0
 .debug_aranges
                0x00000000       0xe0 Drivers\STM32F3xx_HAL_Driver\Src\stm32f3xx_hal.o
 .debug_aranges
                0x000000e0       0xc8 Drivers\STM32F3xx_HAL_Driver\Src\stm32f3xx_hal_adc.o
 .debug_aranges
                0x000001a8      0x168 Drivers\STM32F3xx_HAL_Driver\Src\stm32f3xx_hal_adc_ex.o
 .debug_aranges
                0x00000310      0x100 Drivers\STM32F3xx_HAL_Driver\Src\stm32f3xx_hal_cortex.o
 .debug_aranges
                0x00000410       0x88 Drivers\STM32F3xx_HAL_Driver\Src\stm32f3xx_hal_dma.o
 .debug_aranges
                0x00000498       0x58 Drivers\STM32F3xx_HAL_Driver\Src\stm32f3xx_hal_gpio.o
 .debug_aranges
                0x000004f0       0x88 Drivers\STM32F3xx_HAL_Driver\Src\stm32f3xx_hal_rcc.o
 .debug_aranges
                0x00000578      0x1f0 Drivers\STM32F3xx_HAL_Driver\Src\stm32f3xx_hal_uart.o
 .debug_aranges
                0x00000768       0x30 Src\adc.o
 .debug_aranges
                0x00000798       0x20 Src\dma.o
 .debug_aranges
                0x000007b8       0x20 Src\gpio.o
 .debug_aranges
                0x000007d8       0x38 Src\main.o
 .debug_aranges
                0x00000810       0x28 Src\scanf.o
 .debug_aranges
                0x00000838       0x20 Src\stm32f3xx_hal_msp.o
 .debug_aranges
                0x00000858       0x68 Src\stm32f3xx_it.o
 .debug_aranges
                0x000008c0       0xb0 Src\syscalls.o
 .debug_aranges
                0x00000970       0x28 Src\system_stm32f3xx.o
 .debug_aranges
                0x00000998       0x30 Src\usart.o
 .debug_aranges
                0x000009c8       0x28 startup\startup_stm32f303x8.o

.debug_ranges   0x00000000      0x8c8
 .debug_ranges  0x00000000       0xd0 Drivers\STM32F3xx_HAL_Driver\Src\stm32f3xx_hal.o
 .debug_ranges  0x000000d0       0xb8 Drivers\STM32F3xx_HAL_Driver\Src\stm32f3xx_hal_adc.o
 .debug_ranges  0x00000188      0x158 Drivers\STM32F3xx_HAL_Driver\Src\stm32f3xx_hal_adc_ex.o
 .debug_ranges  0x000002e0       0xf0 Drivers\STM32F3xx_HAL_Driver\Src\stm32f3xx_hal_cortex.o
 .debug_ranges  0x000003d0       0x78 Drivers\STM32F3xx_HAL_Driver\Src\stm32f3xx_hal_dma.o
 .debug_ranges  0x00000448       0x48 Drivers\STM32F3xx_HAL_Driver\Src\stm32f3xx_hal_gpio.o
 .debug_ranges  0x00000490       0x78 Drivers\STM32F3xx_HAL_Driver\Src\stm32f3xx_hal_rcc.o
 .debug_ranges  0x00000508      0x1e0 Drivers\STM32F3xx_HAL_Driver\Src\stm32f3xx_hal_uart.o
 .debug_ranges  0x000006e8       0x20 Src\adc.o
 .debug_ranges  0x00000708       0x10 Src\dma.o
 .debug_ranges  0x00000718       0x10 Src\gpio.o
 .debug_ranges  0x00000728       0x28 Src\main.o
 .debug_ranges  0x00000750       0x18 Src\scanf.o
 .debug_ranges  0x00000768       0x10 Src\stm32f3xx_hal_msp.o
 .debug_ranges  0x00000778       0x58 Src\stm32f3xx_it.o
 .debug_ranges  0x000007d0       0xa0 Src\syscalls.o
 .debug_ranges  0x00000870       0x18 Src\system_stm32f3xx.o
 .debug_ranges  0x00000888       0x20 Src\usart.o
 .debug_ranges  0x000008a8       0x20 startup\startup_stm32f303x8.o

.debug_line     0x00000000     0x5d81
 .debug_line    0x00000000      0x47a Drivers\STM32F3xx_HAL_Driver\Src\stm32f3xx_hal.o
 .debug_line    0x0000047a      0x474 Drivers\STM32F3xx_HAL_Driver\Src\stm32f3xx_hal_adc.o
 .debug_line    0x000008ee     0x10a6 Drivers\STM32F3xx_HAL_Driver\Src\stm32f3xx_hal_adc_ex.o
 .debug_line    0x00001994      0x53f Drivers\STM32F3xx_HAL_Driver\Src\stm32f3xx_hal_cortex.o
 .debug_line    0x00001ed3      0x4d8 Drivers\STM32F3xx_HAL_Driver\Src\stm32f3xx_hal_dma.o
 .debug_line    0x000023ab      0x444 Drivers\STM32F3xx_HAL_Driver\Src\stm32f3xx_hal_gpio.o
 .debug_line    0x000027ef      0xa21 Drivers\STM32F3xx_HAL_Driver\Src\stm32f3xx_hal_rcc.o
 .debug_line    0x00003210      0xcaa Drivers\STM32F3xx_HAL_Driver\Src\stm32f3xx_hal_uart.o
 .debug_line    0x00003eba      0x35b Src\adc.o
 .debug_line    0x00004215      0x26e Src\dma.o
 .debug_line    0x00004483      0x26e Src\gpio.o
 .debug_line    0x000046f1      0x368 Src\main.o
 .debug_line    0x00004a59      0x344 Src\scanf.o
 .debug_line    0x00004d9d      0x27c Src\stm32f3xx_hal_msp.o
 .debug_line    0x00005019      0x34e Src\stm32f3xx_it.o
 .debug_line    0x00005367      0x3d8 Src\syscalls.o
 .debug_line    0x0000573f      0x2ac Src\system_stm32f3xx.o
 .debug_line    0x000059eb      0x317 Src\usart.o
 .debug_line    0x00005d02       0x7f startup\startup_stm32f303x8.o

.debug_str      0x00000000     0x3000
 .debug_str     0x00000000      0xbca Drivers\STM32F3xx_HAL_Driver\Src\stm32f3xx_hal.o
                                0xc8b (size before relaxing)
 .debug_str     0x00000bca      0x61c Drivers\STM32F3xx_HAL_Driver\Src\stm32f3xx_hal_adc.o
                                0xdb4 (size before relaxing)
 .debug_str     0x000011e6      0x631 Drivers\STM32F3xx_HAL_Driver\Src\stm32f3xx_hal_adc_ex.o
                               0x1315 (size before relaxing)
 .debug_str     0x00001817      0x2f4 Drivers\STM32F3xx_HAL_Driver\Src\stm32f3xx_hal_cortex.o
                                0xdc1 (size before relaxing)
 .debug_str     0x00001b0b      0x252 Drivers\STM32F3xx_HAL_Driver\Src\stm32f3xx_hal_dma.o
                                0xb22 (size before relaxing)
 .debug_str     0x00001d5d      0x210 Drivers\STM32F3xx_HAL_Driver\Src\stm32f3xx_hal_gpio.o
                                0x9b9 (size before relaxing)
 .debug_str     0x00001f6d      0x306 Drivers\STM32F3xx_HAL_Driver\Src\stm32f3xx_hal_rcc.o
                                0xaff (size before relaxing)
 .debug_str     0x00002273      0x912 Drivers\STM32F3xx_HAL_Driver\Src\stm32f3xx_hal_uart.o
                               0x12a3 (size before relaxing)
 .debug_str     0x00002b85       0x44 Src\adc.o
                                0xca6 (size before relaxing)
 .debug_str     0x00002bc9       0x19 Src\dma.o
                                0x9ef (size before relaxing)
 .debug_str     0x00002be2       0x1b Src\gpio.o
                                0x70d (size before relaxing)
 .debug_str     0x00002bfd       0x44 Src\main.o
                                0xed3 (size before relaxing)
 .debug_str     0x00002c41       0x29 Src\scanf.o
                                0xb39 (size before relaxing)
 .debug_str     0x00002c6a       0x1b Src\stm32f3xx_hal_msp.o
                                0x719 (size before relaxing)
 .debug_str     0x00002c85       0xbf Src\stm32f3xx_it.o
                                0x938 (size before relaxing)
 .debug_str     0x00002d44      0x234 Src\syscalls.o
                                0x84a (size before relaxing)
 .debug_str     0x00002f78       0x5a Src\system_stm32f3xx.o
                                0x7a3 (size before relaxing)
 .debug_str     0x00002fd2       0x2e Src\usart.o
                                0xc45 (size before relaxing)

.comment        0x00000000       0x7c
 .comment       0x00000000       0x7c Drivers\STM32F3xx_HAL_Driver\Src\stm32f3xx_hal.o
                                 0x7d (size before relaxing)
 .comment       0x0000007c       0x7d Drivers\STM32F3xx_HAL_Driver\Src\stm32f3xx_hal_adc.o
 .comment       0x0000007c       0x7d Drivers\STM32F3xx_HAL_Driver\Src\stm32f3xx_hal_adc_ex.o
 .comment       0x0000007c       0x7d Drivers\STM32F3xx_HAL_Driver\Src\stm32f3xx_hal_cortex.o
 .comment       0x0000007c       0x7d Drivers\STM32F3xx_HAL_Driver\Src\stm32f3xx_hal_dma.o
 .comment       0x0000007c       0x7d Drivers\STM32F3xx_HAL_Driver\Src\stm32f3xx_hal_gpio.o
 .comment       0x0000007c       0x7d Drivers\STM32F3xx_HAL_Driver\Src\stm32f3xx_hal_rcc.o
 .comment       0x0000007c       0x7d Drivers\STM32F3xx_HAL_Driver\Src\stm32f3xx_hal_uart.o
 .comment       0x0000007c       0x7d Src\adc.o
 .comment       0x0000007c       0x7d Src\dma.o
 .comment       0x0000007c       0x7d Src\gpio.o
 .comment       0x0000007c       0x7d Src\main.o
 .comment       0x0000007c       0x7d Src\scanf.o
 .comment       0x0000007c       0x7d Src\stm32f3xx_hal_msp.o
 .comment       0x0000007c       0x7d Src\stm32f3xx_it.o
 .comment       0x0000007c       0x7d Src\syscalls.o
 .comment       0x0000007c       0x7d Src\system_stm32f3xx.o
 .comment       0x0000007c       0x7d Src\usart.o

.debug_frame    0x00000000     0x2e08
 .debug_frame   0x00000000      0x334 Drivers\STM32F3xx_HAL_Driver\Src\stm32f3xx_hal.o
 .debug_frame   0x00000334      0x380 Drivers\STM32F3xx_HAL_Driver\Src\stm32f3xx_hal_adc.o
 .debug_frame   0x000006b4      0x640 Drivers\STM32F3xx_HAL_Driver\Src\stm32f3xx_hal_adc_ex.o
 .debug_frame   0x00000cf4      0x428 Drivers\STM32F3xx_HAL_Driver\Src\stm32f3xx_hal_cortex.o
 .debug_frame   0x0000111c      0x224 Drivers\STM32F3xx_HAL_Driver\Src\stm32f3xx_hal_dma.o
 .debug_frame   0x00001340      0x14c Drivers\STM32F3xx_HAL_Driver\Src\stm32f3xx_hal_gpio.o
 .debug_frame   0x0000148c      0x214 Drivers\STM32F3xx_HAL_Driver\Src\stm32f3xx_hal_rcc.o
 .debug_frame   0x000016a0      0x8d4 Drivers\STM32F3xx_HAL_Driver\Src\stm32f3xx_hal_uart.o
 .debug_frame   0x00001f74       0x7c Src\adc.o
 .debug_frame   0x00001ff0       0x34 Src\dma.o
 .debug_frame   0x00002024       0x38 Src\gpio.o
 .debug_frame   0x0000205c       0x98 Src\main.o
 .debug_frame   0x000020f4       0x58 Src\scanf.o
 .debug_frame   0x0000214c       0x38 Src\stm32f3xx_hal_msp.o
 .debug_frame   0x00002184      0x128 Src\stm32f3xx_it.o
 .debug_frame   0x000022ac      0x2d4 Src\syscalls.o
 .debug_frame   0x00002580       0x58 Src\system_stm32f3xx.o
 .debug_frame   0x000025d8       0x74 Src\usart.o
 .debug_frame   0x0000264c       0x20 c:/program files (x86)/atollic/truestudio for stm32 9.0.1/armtools/bin/../lib/gcc/arm-atollic-eabi/6.3.1/../../../../arm-atollic-eabi/lib/armv7e-m/fpu\libc_nano.a(lib_a-errno.o)
 .debug_frame   0x0000266c       0x2c c:/program files (x86)/atollic/truestudio for stm32 9.0.1/armtools/bin/../lib/gcc/arm-atollic-eabi/6.3.1/../../../../arm-atollic-eabi/lib/armv7e-m/fpu\libc_nano.a(lib_a-init.o)
 .debug_frame   0x00002698       0x20 c:/program files (x86)/atollic/truestudio for stm32 9.0.1/armtools/bin/../lib/gcc/arm-atollic-eabi/6.3.1/../../../../arm-atollic-eabi/lib/armv7e-m/fpu\libc_nano.a(lib_a-memset.o)
 .debug_frame   0x000026b8       0x74 c:/program files (x86)/atollic/truestudio for stm32 9.0.1/armtools/bin/../lib/gcc/arm-atollic-eabi/6.3.1/../../../../arm-atollic-eabi/lib/armv7e-m/fpu\libc_nano.a(lib_a-printf.o)
 .debug_frame   0x0000272c       0x20 c:/program files (x86)/atollic/truestudio for stm32 9.0.1/armtools/bin/../lib/gcc/arm-atollic-eabi/6.3.1/../../../../arm-atollic-eabi/lib/armv7e-m/fpu\libc_nano.a(lib_a-setbuf.o)
 .debug_frame   0x0000274c       0x38 c:/program files (x86)/atollic/truestudio for stm32 9.0.1/armtools/bin/../lib/gcc/arm-atollic-eabi/6.3.1/../../../../arm-atollic-eabi/lib/armv7e-m/fpu\libc_nano.a(lib_a-setvbuf.o)
 .debug_frame   0x00002784       0x68 c:/program files (x86)/atollic/truestudio for stm32 9.0.1/armtools/bin/../lib/gcc/arm-atollic-eabi/6.3.1/../../../../arm-atollic-eabi/lib/armv7e-m/fpu\libc_nano.a(lib_a-fflush.o)
 .debug_frame   0x000027ec      0x11c c:/program files (x86)/atollic/truestudio for stm32 9.0.1/armtools/bin/../lib/gcc/arm-atollic-eabi/6.3.1/../../../../arm-atollic-eabi/lib/armv7e-m/fpu\libc_nano.a(lib_a-findfp.o)
 .debug_frame   0x00002908       0x54 c:/program files (x86)/atollic/truestudio for stm32 9.0.1/armtools/bin/../lib/gcc/arm-atollic-eabi/6.3.1/../../../../arm-atollic-eabi/lib/armv7e-m/fpu\libc_nano.a(lib_a-fwalk.o)
 .debug_frame   0x0000295c       0x58 c:/program files (x86)/atollic/truestudio for stm32 9.0.1/armtools/bin/../lib/gcc/arm-atollic-eabi/6.3.1/../../../../arm-atollic-eabi/lib/armv7e-m/fpu\libc_nano.a(lib_a-makebuf.o)
 .debug_frame   0x000029b4       0x30 c:/program files (x86)/atollic/truestudio for stm32 9.0.1/armtools/bin/../lib/gcc/arm-atollic-eabi/6.3.1/../../../../arm-atollic-eabi/lib/armv7e-m/fpu\libc_nano.a(lib_a-malloc.o)
 .debug_frame   0x000029e4       0x38 c:/program files (x86)/atollic/truestudio for stm32 9.0.1/armtools/bin/../lib/gcc/arm-atollic-eabi/6.3.1/../../../../arm-atollic-eabi/lib/armv7e-m/fpu\libc_nano.a(lib_a-nano-freer.o)
 .debug_frame   0x00002a1c       0x2c c:/program files (x86)/atollic/truestudio for stm32 9.0.1/armtools/bin/../lib/gcc/arm-atollic-eabi/6.3.1/../../../../arm-atollic-eabi/lib/armv7e-m/fpu\libc_nano.a(lib_a-nano-mallocr.o)
 .debug_frame   0x00002a48       0xac c:/program files (x86)/atollic/truestudio for stm32 9.0.1/armtools/bin/../lib/gcc/arm-atollic-eabi/6.3.1/../../../../arm-atollic-eabi/lib/armv7e-m/fpu\libc_nano.a(lib_a-nano-vfprintf.o)
 .debug_frame   0x00002af4       0x60 c:/program files (x86)/atollic/truestudio for stm32 9.0.1/armtools/bin/../lib/gcc/arm-atollic-eabi/6.3.1/../../../../arm-atollic-eabi/lib/armv7e-m/fpu\libc_nano.a(lib_a-nano-vfprintf_i.o)
 .debug_frame   0x00002b54       0x2c c:/program files (x86)/atollic/truestudio for stm32 9.0.1/armtools/bin/../lib/gcc/arm-atollic-eabi/6.3.1/../../../../arm-atollic-eabi/lib/armv7e-m/fpu\libc_nano.a(lib_a-sbrkr.o)
 .debug_frame   0x00002b80       0x88 c:/program files (x86)/atollic/truestudio for stm32 9.0.1/armtools/bin/../lib/gcc/arm-atollic-eabi/6.3.1/../../../../arm-atollic-eabi/lib/armv7e-m/fpu\libc_nano.a(lib_a-stdio.o)
 .debug_frame   0x00002c08       0x40 c:/program files (x86)/atollic/truestudio for stm32 9.0.1/armtools/bin/../lib/gcc/arm-atollic-eabi/6.3.1/../../../../arm-atollic-eabi/lib/armv7e-m/fpu\libc_nano.a(lib_a-wbuf.o)
 .debug_frame   0x00002c48       0x2c c:/program files (x86)/atollic/truestudio for stm32 9.0.1/armtools/bin/../lib/gcc/arm-atollic-eabi/6.3.1/../../../../arm-atollic-eabi/lib/armv7e-m/fpu\libc_nano.a(lib_a-writer.o)
 .debug_frame   0x00002c74       0x2c c:/program files (x86)/atollic/truestudio for stm32 9.0.1/armtools/bin/../lib/gcc/arm-atollic-eabi/6.3.1/../../../../arm-atollic-eabi/lib/armv7e-m/fpu\libc_nano.a(lib_a-wsetup.o)
 .debug_frame   0x00002ca0       0x2c c:/program files (x86)/atollic/truestudio for stm32 9.0.1/armtools/bin/../lib/gcc/arm-atollic-eabi/6.3.1/../../../../arm-atollic-eabi/lib/armv7e-m/fpu\libc_nano.a(lib_a-closer.o)
 .debug_frame   0x00002ccc       0x2c c:/program files (x86)/atollic/truestudio for stm32 9.0.1/armtools/bin/../lib/gcc/arm-atollic-eabi/6.3.1/../../../../arm-atollic-eabi/lib/armv7e-m/fpu\libc_nano.a(lib_a-fstatr.o)
 .debug_frame   0x00002cf8       0x2c c:/program files (x86)/atollic/truestudio for stm32 9.0.1/armtools/bin/../lib/gcc/arm-atollic-eabi/6.3.1/../../../../arm-atollic-eabi/lib/armv7e-m/fpu\libc_nano.a(lib_a-isattyr.o)
 .debug_frame   0x00002d24       0x2c c:/program files (x86)/atollic/truestudio for stm32 9.0.1/armtools/bin/../lib/gcc/arm-atollic-eabi/6.3.1/../../../../arm-atollic-eabi/lib/armv7e-m/fpu\libc_nano.a(lib_a-lseekr.o)
 .debug_frame   0x00002d50       0x30 c:/program files (x86)/atollic/truestudio for stm32 9.0.1/armtools/bin/../lib/gcc/arm-atollic-eabi/6.3.1/../../../../arm-atollic-eabi/lib/armv7e-m/fpu\libc_nano.a(lib_a-mlock.o)
 .debug_frame   0x00002d80       0x2c c:/program files (x86)/atollic/truestudio for stm32 9.0.1/armtools/bin/../lib/gcc/arm-atollic-eabi/6.3.1/../../../../arm-atollic-eabi/lib/armv7e-m/fpu\libc_nano.a(lib_a-readr.o)
 .debug_frame   0x00002dac       0x5c c:/program files (x86)/atollic/truestudio for stm32 9.0.1/armtools/bin/../lib/gcc/arm-atollic-eabi/6.3.1/../../../../arm-atollic-eabi/lib/armv7e-m/fpu\libc_nano.a(lib_a-reent.o)
